// Jest Snapshot v1, https://jestjs.io/docs/snapshot-testing

exports[`Daftar Produk should match snapshot 1`] = `
<DocumentFragment>
  <div>
    <div
      class="produk"
    >
      <h1
        class="produk__title"
        data-testid="title"
      >
        Daftar Produk
      </h1>
      <div
        class="produk__content"
        data-testid="product-list"
      >
        <div
          data-testid="skeleton"
        >
          Loading...
        </div>
      </div>
    </div>
  </div>
</DocumentFragment>
`;
